{"ts":"2026-09-22T07:36:45.039Z","msg":"progress","judged":0,"failed":5618,"elapsedS":295}
{"ts":"2026-09-22T07:36:45.070Z","msg":"progress","judged":0,"failed":5619,"elapsedS":295}
{"ts":"2026-09-22T07:36:45.100Z","msg":"progress","judged":0,"failed":5620,"elapsedS":295}
{"ts":"2026-09-22T07:36:45.138Z","msg":"progress","judged":0,"failed":5621,"elapsedS":295}
{"ts":"2026-09-22T07:36:45.235Z","msg":"progress","judged":0,"failed":5622,"elapsedS":295}
{"ts":"2026-09-22T07:36:45.271Z","msg":"progress","judged":0,"failed":5623,"elapsedS":295}
{"ts":"2026-09-22T07:36:45.290Z","msg":"progress","judged":0,"failed":5624,"elapsedS":295}
{"ts":"2026-09-22T07:36:45.330Z","msg":"progress","judged":0,"failed":5625,"elapsedS":295}
{"ts":"2026-09-22T07:36:45.452Z","msg":"progress","judged":0,"failed":5626,"elapsedS":295}
{"ts":"2026-09-22T07:36:45.479Z","msg":"progress","judged":0,"failed":5627,"elapsedS":295}
{"ts":"2026-09-22T07:36:45.485Z","msg":"progress","judged":0,"failed":5628,"elapsedS":295}
{"ts":"2026-09-22T07:36:45.536Z","msg":"progress","judged":0,"failed":5629,"elapsedS":295}
{"ts":"2026-09-22T07:36:45.665Z","msg":"progress","judged":0,"failed":5630,"elapsedS":296}
{"ts":"2026-09-22T07:36:45.689Z","msg":"progress","judged":0,"failed":5631,"elapsedS":296}
{"ts":"2026-09-22T07:36:45.732Z","msg":"progress","judged":0,"failed":5632,"elapsedS":296}
{"ts":"2026-09-22T07:36:45.744Z","msg":"progress","judged":0,"failed":5633,"elapsedS":296}
{"ts":"2026-09-22T07:36:45.862Z","msg":"progress","judged":0,"failed":5634,"elapsedS":296}
{"ts":"2026-09-22T07:36:45.894Z","msg":"progress","judged":0,"failed":5635,"elapsedS":296}
{"ts":"2026-09-22T07:36:45.933Z","msg":"progress","judged":0,"failed":5636,"elapsedS":296}
{"ts":"2026-09-22T07:36:45.975Z","msg":"progress","judged":0,"failed":5637,"elapsedS":296}
{"ts":"2026-09-22T07:36:46.069Z","msg":"progress","judged":0,"failed":5638,"elapsedS":296}
{"ts":"2026-09-22T07:36:46.103Z","msg":"progress","judged":0,"failed":5639,"elapsedS":296}
{"ts":"2026-09-22T07:36:46.125Z","msg":"progress","judged":0,"failed":5640,"elapsedS":296}
{"ts":"2026-09-22T07:36:46.177Z","msg":"progress","judged":0,"failed":5641,"elapsedS":296}
{"ts":"2026-09-22T07:36:46.301Z","msg":"progress","judged":0,"failed":5642,"elapsedS":296}
{"ts":"2026-09-22T07:36:46.327Z","msg":"progress","judged":0,"failed":5643,"elapsedS":296}
{"ts":"2026-09-22T07:36:46.341Z","msg":"progress","judged":0,"failed":5644,"elapsedS":296}
{"ts":"2026-09-22T07:36:46.374Z","msg":"progress","judged":0,"failed":5645,"elapsedS":296}
{"ts":"2026-09-22T07:36:46.501Z","msg":"progress","judged":0,"failed":5646,"elapsedS":296}
{"ts":"2026-09-22T07:36:46.535Z","msg":"progress","judged":0,"failed":5647,"elapsedS":296}
{"ts":"2026-09-22T07:36:46.563Z","msg":"progress","judged":0,"failed":5648,"elapsedS":297}
{"ts":"2026-09-22T07:36:46.589Z","msg":"progress","judged":0,"failed":5649,"elapsedS":297}
{"ts":"2026-09-22T07:36:46.699Z","msg":"progress","judged":0,"failed":5650,"elapsedS":297}
{"ts":"2026-09-22T07:36:46.733Z","msg":"progress","judged":0,"failed":5651,"elapsedS":297}
{"ts":"2026-09-22T07:36:46.763Z","msg":"progress","judged":0,"failed":5652,"elapsedS":297}
{"ts":"2026-09-22T07:36:46.784Z","msg":"progress","judged":0,"failed":5653,"elapsedS":297}
{"ts":"2026-09-22T07:36:46.909Z","msg":"progress","judged":0,"failed":5654,"elapsedS":297}
{"ts":"2026-09-22T07:36:46.939Z","msg":"progress","judged":0,"failed":5655,"elapsedS":297}
{"ts":"2026-09-22T07:36:46.973Z","msg":"progress","judged":0,"failed":5656,"elapsedS":297}
{"ts":"2026-09-22T07:36:46.983Z","msg":"progress","judged":0,"failed":5657,"elapsedS":297}
{"ts":"2026-09-22T07:36:47.125Z","msg":"progress","judged":0,"failed":5658,"elapsedS":297}
{"ts":"2026-09-22T07:36:47.149Z","msg":"progress","judged":0,"failed":5659,"elapsedS":297}
{"ts":"2026-09-22T07:36:47.174Z","msg":"progress","judged":0,"failed":5660,"elapsedS":297}
{"ts":"2026-09-22T07:36:47.230Z","msg":"progress","judged":0,"failed":5661,"elapsedS":297}
{"ts":"2026-09-22T07:36:47.342Z","msg":"progress","judged":0,"failed":5662,"elapsedS":297}
{"ts":"2026-09-22T07:36:47.356Z","msg":"progress","judged":0,"failed":5663,"elapsedS":297}
{"ts":"2026-09-22T07:36:47.379Z","msg":"progress","judged":0,"failed":5664,"elapsedS":297}
{"ts":"2026-09-22T07:36:47.435Z","msg":"progress","judged":0,"failed":5665,"elapsedS":297}
{"ts":"2026-09-22T07:36:47.551Z","msg":"progress","judged":0,"failed":5666,"elapsedS":298}
{"ts":"2026-09-22T07:36:47.571Z","msg":"progress","judged":0,"failed":5667,"elapsedS":298}
{"ts":"2026-09-22T07:36:47.600Z","msg":"progress","judged":0,"failed":5668,"elapsedS":298}
{"ts":"2026-09-22T07:36:47.651Z","msg":"progress","judged":0,"failed":5669,"elapsedS":298}
{"ts":"2026-09-22T07:36:47.748Z","msg":"progress","judged":0,"failed":5670,"elapsedS":298}
{"ts":"2026-09-22T07:36:47.783Z","msg":"progress","judged":0,"failed":5671,"elapsedS":298}
{"ts":"2026-09-22T07:36:47.797Z","msg":"progress","judged":0,"failed":5672,"elapsedS":298}
{"ts":"2026-09-22T07:36:47.870Z","msg":"progress","judged":0,"failed":5673,"elapsedS":298}
{"ts":"2026-09-22T07:36:48.008Z","msg":"progress","judged":0,"failed":5674,"elapsedS":298}
{"ts":"2026-09-22T07:36:48.010Z","msg":"progress","judged":0,"failed":5675,"elapsedS":298}
{"ts":"2026-09-22T07:36:48.018Z","msg":"progress","judged":0,"failed":5676,"elapsedS":298}
{"ts":"2026-09-22T07:36:48.079Z","msg":"progress","judged":0,"failed":5677,"elapsedS":298}
{"ts":"2026-09-22T07:36:48.198Z","msg":"progress","judged":0,"failed":5678,"elapsedS":298}
{"ts":"2026-09-22T07:36:48.211Z","msg":"progress","judged":0,"failed":5679,"elapsedS":298}
{"ts":"2026-09-22T07:36:48.272Z","msg":"progress","judged":0,"failed":5680,"elapsedS":298}
{"ts":"2026-09-22T07:36:48.286Z","msg":"progress","judged":0,"failed":5681,"elapsedS":298}
{"ts":"2026-09-22T07:36:48.413Z","msg":"progress","judged":0,"failed":5682,"elapsedS":298}
{"ts":"2026-09-22T07:36:48.414Z","msg":"progress","judged":0,"failed":5683,"elapsedS":298}
{"ts":"2026-09-22T07:36:48.490Z","msg":"progress","judged":0,"failed":5684,"elapsedS":298}
{"ts":"2026-09-22T07:36:48.491Z","msg":"progress","judged":0,"failed":5685,"elapsedS":298}
{"ts":"2026-09-22T07:36:48.609Z","msg":"progress","judged":0,"failed":5686,"elapsedS":299}
{"ts":"2026-09-22T07:36:48.623Z","msg":"progress","judged":0,"failed":5687,"elapsedS":299}
{"ts":"2026-09-22T07:36:48.696Z","msg":"progress","judged":0,"failed":5688,"elapsedS":299}
{"ts":"2026-09-22T07:36:48.696Z","msg":"progress","judged":0,"failed":5689,"elapsedS":299}
{"ts":"2026-09-22T07:36:48.812Z","msg":"progress","judged":0,"failed":5690,"elapsedS":299}
{"ts":"2026-09-22T07:36:48.824Z","msg":"progress","judged":0,"failed":5691,"elapsedS":299}
{"ts":"2026-09-22T07:36:48.898Z","msg":"progress","judged":0,"failed":5692,"elapsedS":299}
{"ts":"2026-09-22T07:36:48.944Z","msg":"progress","judged":0,"failed":5693,"elapsedS":299}
{"ts":"2026-09-22T07:36:49.012Z","msg":"progress","judged":0,"failed":5694,"elapsedS":299}
{"ts":"2026-09-22T07:36:49.030Z","msg":"progress","judged":0,"failed":5695,"elapsedS":299}
{"ts":"2026-09-22T07:36:49.094Z","msg":"progress","judged":0,"failed":5696,"elapsedS":299}
{"ts":"2026-09-22T07:36:49.161Z","msg":"progress","judged":0,"failed":5697,"elapsedS":299}
{"ts":"2026-09-22T07:36:49.219Z","msg":"progress","judged":0,"failed":5698,"elapsedS":299}
{"ts":"2026-09-22T07:36:49.235Z","msg":"progress","judged":0,"failed":5699,"elapsedS":299}
{"ts":"2026-09-22T07:36:49.295Z","msg":"progress","judged":0,"failed":5700,"elapsedS":299}
{"ts":"2026-09-22T07:36:49.368Z","msg":"progress","judged":0,"failed":5701,"elapsedS":299}
{"ts":"2026-09-22T07:36:49.416Z","msg":"progress","judged":0,"failed":5702,"elapsedS":299}
{"ts":"2026-09-22T07:36:49.430Z","msg":"progress","judged":0,"failed":5703,"elapsedS":299}
{"ts":"2026-09-22T07:36:49.489Z","msg":"progress","judged":0,"failed":5704,"elapsedS":299}
{"ts":"2026-09-22T07:36:49.565Z","msg":"progress","judged":0,"failed":5705,"elapsedS":300}
{"ts":"2026-09-22T07:36:49.615Z","msg":"progress","judged":0,"failed":5706,"elapsedS":300}
{"ts":"2026-09-22T07:36:49.635Z","msg":"progress","judged":0,"failed":5707,"elapsedS":300}
{"ts":"2026-09-22T07:36:49.695Z","msg":"progress","judged":0,"failed":5708,"elapsedS":300}
{"ts":"2026-09-22T07:36:49.771Z","msg":"progress","judged":0,"failed":5709,"elapsedS":300}
{"ts":"2026-09-22T07:36:49.819Z","msg":"progress","judged":0,"failed":5710,"elapsedS":300}
{"ts":"2026-09-22T07:36:49.833Z","msg":"progress","judged":0,"failed":5711,"elapsedS":300}
{"ts":"2026-09-22T07:36:49.900Z","msg":"progress","judged":0,"failed":5712,"elapsedS":300}
{"ts":"2026-09-22T07:36:49.971Z","msg":"progress","judged":0,"failed":5713,"elapsedS":300}
{"ts":"2026-09-22T07:36:50.017Z","msg":"progress","judged":0,"failed":5714,"elapsedS":300}
{"ts":"2026-09-22T07:36:50.037Z","msg":"progress","judged":0,"failed":5715,"elapsedS":300}
{"ts":"2026-09-22T07:36:50.108Z","msg":"progress","judged":0,"failed":5716,"elapsedS":300}
{"ts":"2026-09-22T07:36:50.201Z","msg":"progress","judged":0,"failed":5717,"elapsedS":300}
{"ts":"2026-09-22T07:36:50.224Z","msg":"progress","judged":0,"failed":5718,"elapsedS":300}
{"ts":"2026-09-22T07:36:50.242Z","msg":"progress","judged":0,"failed":5719,"elapsedS":300}
{"ts":"2026-09-22T07:36:50.298Z","msg":"progress","judged":0,"failed":5720,"elapsedS":300}
{"ts":"2026-09-22T07:36:50.411Z","msg":"progress","judged":0,"failed":5721,"elapsedS":300}
{"ts":"2026-09-22T07:36:50.423Z","msg":"progress","judged":0,"failed":5722,"elapsedS":300}
{"ts":"2026-09-22T07:36:50.439Z","msg":"progress","judged":0,"failed":5723,"elapsedS":300}
{"ts":"2026-09-22T07:36:50.503Z","msg":"progress","judged":0,"failed":5724,"elapsedS":300}
{"ts":"2026-09-22T07:36:50.609Z","msg":"progress","judged":0,"failed":5725,"elapsedS":301}
{"ts":"2026-09-22T07:36:50.633Z","msg":"progress","judged":0,"failed":5726,"elapsedS":301}
{"ts":"2026-09-22T07:36:50.671Z","msg":"progress","judged":0,"failed":5727,"elapsedS":301}
{"ts":"2026-09-22T07:36:50.699Z","msg":"progress","judged":0,"failed":5728,"elapsedS":301}
{"ts":"2026-09-22T07:36:50.814Z","msg":"progress","judged":0,"failed":5729,"elapsedS":301}
{"ts":"2026-09-22T07:36:50.848Z","msg":"progress","judged":0,"failed":5730,"elapsedS":301}
{"ts":"2026-09-22T07:36:50.875Z","msg":"progress","judged":0,"failed":5731,"elapsedS":301}
{"ts":"2026-09-22T07:36:50.903Z","msg":"progress","judged":0,"failed":5732,"elapsedS":301}
{"ts":"2026-09-22T07:36:51.017Z","msg":"progress","judged":0,"failed":5733,"elapsedS":301}
{"ts":"2026-09-22T07:36:51.047Z","msg":"progress","judged":0,"failed":5734,"elapsedS":301}
{"ts":"2026-09-22T07:36:51.083Z","msg":"progress","judged":0,"failed":5735,"elapsedS":301}
{"ts":"2026-09-22T07:36:51.117Z","msg":"progress","judged":0,"failed":5736,"elapsedS":301}
{"ts":"2026-09-22T07:36:51.228Z","msg":"progress","judged":0,"failed":5737,"elapsedS":301}
{"ts":"2026-09-22T07:36:51.248Z","msg":"progress","judged":0,"failed":5738,"elapsedS":301}
{"ts":"2026-09-22T07:36:51.273Z","msg":"progress","judged":0,"failed":5739,"elapsedS":301}
{"ts":"2026-09-22T07:36:51.315Z","msg":"progress","judged":0,"failed":5740,"elapsedS":301}
{"ts":"2026-09-22T07:36:51.437Z","msg":"progress","judged":0,"failed":5741,"elapsedS":301}
{"ts":"2026-09-22T07:36:51.457Z","msg":"progress","judged":0,"failed":5742,"elapsedS":301}
{"ts":"2026-09-22T07:36:51.467Z","msg":"progress","judged":0,"failed":5743,"elapsedS":301}
{"ts":"2026-09-22T07:36:51.509Z","msg":"progress","judged":0,"failed":5744,"elapsedS":301}
{"ts":"2026-09-22T07:36:51.637Z","msg":"progress","judged":0,"failed":5745,"elapsedS":302}
{"ts":"2026-09-22T07:36:51.657Z","msg":"progress","judged":0,"failed":5746,"elapsedS":302}
{"ts":"2026-09-22T07:36:51.684Z","msg":"progress","judged":0,"failed":5747,"elapsedS":302}
{"ts":"2026-09-22T07:36:51.711Z","msg":"progress","judged":0,"failed":5748,"elapsedS":302}
{"ts":"2026-09-22T07:36:51.866Z","msg":"progress","judged":0,"failed":5749,"elapsedS":302}
{"ts":"2026-09-22T07:36:51.882Z","msg":"progress","judged":0,"failed":5750,"elapsedS":302}
{"ts":"2026-09-22T07:36:51.884Z","msg":"progress","judged":0,"failed":5751,"elapsedS":302}
{"ts":"2026-09-22T07:36:51.914Z","msg":"progress","judged":0,"failed":5752,"elapsedS":302}
{"ts":"2026-09-22T07:36:52.074Z","msg":"progress","judged":0,"failed":5753,"elapsedS":302}
{"ts":"2026-09-22T07:36:52.080Z","msg":"progress","judged":0,"failed":5754,"elapsedS":302}
{"ts":"2026-09-22T07:36:52.081Z","msg":"progress","judged":0,"failed":5755,"elapsedS":302}
{"ts":"2026-09-22T07:36:52.107Z","msg":"progress","judged":0,"failed":5756,"elapsedS":302}
{"ts":"2026-09-22T07:36:52.272Z","msg":"progress","judged":0,"failed":5757,"elapsedS":302}
{"ts":"2026-09-22T07:36:52.289Z","msg":"progress","judged":0,"failed":5758,"elapsedS":302}
{"ts":"2026-09-22T07:36:52.307Z","msg":"progress","judged":0,"failed":5759,"elapsedS":302}
{"ts":"2026-09-22T07:36:52.342Z","msg":"progress","judged":0,"failed":5760,"elapsedS":302}
{"ts":"2026-09-22T07:36:52.465Z","msg":"progress","judged":0,"failed":5761,"elapsedS":302}
{"ts":"2026-09-22T07:36:52.488Z","msg":"progress","judged":0,"failed":5762,"elapsedS":302}
{"ts":"2026-09-22T07:36:52.508Z","msg":"progress","judged":0,"failed":5763,"elapsedS":302}
{"ts":"2026-09-22T07:36:52.540Z","msg":"progress","judged":0,"failed":5764,"elapsedS":303}
{"ts":"2026-09-22T07:36:52.681Z","msg":"progress","judged":0,"failed":5765,"elapsedS":303}
{"ts":"2026-09-22T07:36:52.699Z","msg":"progress","judged":0,"failed":5766,"elapsedS":303}
{"ts":"2026-09-22T07:36:52.716Z","msg":"progress","judged":0,"failed":5767,"elapsedS":303}
{"ts":"2026-09-22T07:36:52.747Z","msg":"progress","judged":0,"failed":5768,"elapsedS":303}
{"ts":"2026-09-22T07:36:52.885Z","msg":"progress","judged":0,"failed":5769,"elapsedS":303}
{"ts":"2026-09-22T07:36:52.906Z","msg":"progress","judged":0,"failed":5770,"elapsedS":303}
{"ts":"2026-09-22T07:36:52.930Z","msg":"progress","judged":0,"failed":5771,"elapsedS":303}
{"ts":"2026-09-22T07:36:52.972Z","msg":"progress","judged":0,"failed":5772,"elapsedS":303}
{"ts":"2026-09-22T07:36:53.099Z","msg":"progress","judged":0,"failed":5773,"elapsedS":303}
{"ts":"2026-09-22T07:36:53.102Z","msg":"progress","judged":0,"failed":5774,"elapsedS":303}
{"ts":"2026-09-22T07:36:53.142Z","msg":"progress","judged":0,"failed":5775,"elapsedS":303}
{"ts":"2026-09-22T07:36:53.179Z","msg":"progress","judged":0,"failed":5776,"elapsedS":303}
{"ts":"2026-09-22T07:36:53.296Z","msg":"progress","judged":0,"failed":5777,"elapsedS":303}
{"ts":"2026-09-22T07:36:53.317Z","msg":"progress","judged":0,"failed":5778,"elapsedS":303}
{"ts":"2026-09-22T07:36:53.345Z","msg":"progress","judged":0,"failed":5779,"elapsedS":303}
{"ts":"2026-09-22T07:36:53.388Z","msg":"progress","judged":0,"failed":5780,"elapsedS":303}
{"ts":"2026-09-22T07:36:53.496Z","msg":"progress","judged":0,"failed":5781,"elapsedS":303}
{"ts":"2026-09-22T07:36:53.516Z","msg":"progress","judged":0,"failed":5782,"elapsedS":303}
{"ts":"2026-09-22T07:36:53.540Z","msg":"progress","judged":0,"failed":5783,"elapsedS":304}
{"ts":"2026-09-22T07:36:53.587Z","msg":"progress","judged":0,"failed":5784,"elapsedS":304}
{"ts":"2026-09-22T07:36:53.686Z","msg":"progress","judged":0,"failed":5785,"elapsedS":304}
{"ts":"2026-09-22T07:36:53.710Z","msg":"progress","judged":0,"failed":5786,"elapsedS":304}
{"ts":"2026-09-22T07:36:53.739Z","msg":"progress","judged":0,"failed":5787,"elapsedS":304}
{"ts":"2026-09-22T07:36:53.802Z","msg":"progress","judged":0,"failed":5788,"elapsedS":304}
{"ts":"2026-09-22T07:36:53.881Z","msg":"progress","judged":0,"failed":5789,"elapsedS":304}
{"ts":"2026-09-22T07:36:53.927Z","msg":"progress","judged":0,"failed":5790,"elapsedS":304}
{"ts":"2026-09-22T07:36:53.947Z","msg":"progress","judged":0,"failed":5791,"elapsedS":304}
{"ts":"2026-09-22T07:36:54.008Z","msg":"progress","judged":0,"failed":5792,"elapsedS":304}
{"ts":"2026-09-22T07:36:54.084Z","msg":"progress","judged":0,"failed":5793,"elapsedS":304}
{"ts":"2026-09-22T07:36:54.131Z","msg":"progress","judged":0,"failed":5794,"elapsedS":304}
{"ts":"2026-09-22T07:36:54.162Z","msg":"progress","judged":0,"failed":5795,"elapsedS":304}
{"ts":"2026-09-22T07:36:54.237Z","msg":"progress","judged":0,"failed":5796,"elapsedS":304}
{"ts":"2026-09-22T07:36:54.298Z","msg":"progress","judged":0,"failed":5797,"elapsedS":304}
{"ts":"2026-09-22T07:36:54.362Z","msg":"progress","judged":0,"failed":5798,"elapsedS":304}
{"ts":"2026-09-22T07:36:54.364Z","msg":"progress","judged":0,"failed":5799,"elapsedS":304}
{"ts":"2026-09-22T07:36:54.446Z","msg":"progress","judged":0,"failed":5800,"elapsedS":304}
{"ts":"2026-09-22T07:36:54.511Z","msg":"progress","judged":0,"failed":5801,"elapsedS":304}
{"ts":"2026-09-22T07:36:54.565Z","msg":"progress","judged":0,"failed":5802,"elapsedS":305}
{"ts":"2026-09-22T07:36:54.573Z","msg":"progress","judged":0,"failed":5803,"elapsedS":305}
{"ts":"2026-09-22T07:36:54.650Z","msg":"progress","judged":0,"failed":5804,"elapsedS":305}
{"ts":"2026-09-22T07:36:54.708Z","msg":"progress","judged":0,"failed":5805,"elapsedS":305}
{"ts":"2026-09-22T07:36:54.760Z","msg":"progress","judged":0,"failed":5806,"elapsedS":305}
{"ts":"2026-09-22T07:36:54.769Z","msg":"progress","judged":0,"failed":5807,"elapsedS":305}
{"ts":"2026-09-22T07:36:54.850Z","msg":"progress","judged":0,"failed":5808,"elapsedS":305}
{"ts":"2026-09-22T07:36:54.911Z","msg":"progress","judged":0,"failed":5809,"elapsedS":305}
{"ts":"2026-09-22T07:36:54.961Z","msg":"progress","judged":0,"failed":5810,"elapsedS":305}
{"ts":"2026-09-22T07:36:54.971Z","msg":"progress","judged":0,"failed":5811,"elapsedS":305}
{"ts":"2026-09-22T07:36:55.071Z","msg":"progress","judged":0,"failed":5812,"elapsedS":305}
{"ts":"2026-09-22T07:36:55.107Z","msg":"progress","judged":0,"failed":5813,"elapsedS":305}
{"ts":"2026-09-22T07:36:55.176Z","msg":"progress","judged":0,"failed":5814,"elapsedS":305}
{"ts":"2026-09-22T07:36:55.191Z","msg":"progress","judged":0,"failed":5815,"elapsedS":305}
{"ts":"2026-09-22T07:36:55.312Z","msg":"progress","judged":0,"failed":5816,"elapsedS":305}
{"ts":"2026-09-22T07:36:55.355Z","msg":"progress","judged":0,"failed":5817,"elapsedS":305}
{"ts":"2026-09-22T07:36:55.384Z","msg":"progress","judged":0,"failed":5818,"elapsedS":305}
{"ts":"2026-09-22T07:36:55.397Z","msg":"progress","judged":0,"failed":5819,"elapsedS":305}
{"ts":"2026-09-22T07:36:55.514Z","msg":"progress","judged":0,"failed":5820,"elapsedS":305}
{"ts":"2026-09-22T07:36:55.553Z","msg":"progress","judged":0,"failed":5821,"elapsedS":306}
{"ts":"2026-09-22T07:36:55.586Z","msg":"progress","judged":0,"failed":5822,"elapsedS":306}
{"ts":"2026-09-22T07:36:55.597Z","msg":"progress","judged":0,"failed":5823,"elapsedS":306}
{"ts":"2026-09-22T07:36:55.736Z","msg":"progress","judged":0,"failed":5824,"elapsedS":306}
{"ts":"2026-09-22T07:36:55.765Z","msg":"progress","judged":0,"failed":5825,"elapsedS":306}
{"ts":"2026-09-22T07:36:55.788Z","msg":"progress","judged":0,"failed":5826,"elapsedS":306}
{"ts":"2026-09-22T07:36:55.868Z","msg":"progress","judged":0,"failed":5827,"elapsedS":306}
{"ts":"2026-09-22T07:36:55.932Z","msg":"progress","judged":0,"failed":5828,"elapsedS":306}
{"ts":"2026-09-22T07:36:55.999Z","msg":"progress","judged":0,"failed":5829,"elapsedS":306}
{"ts":"2026-09-22T07:36:56.002Z","msg":"progress","judged":0,"failed":5830,"elapsedS":306}
{"ts":"2026-09-22T07:36:56.066Z","msg":"progress","judged":0,"failed":5831,"elapsedS":306}
{"ts":"2026-09-22T07:36:56.170Z","msg":"progress","judged":0,"failed":5832,"elapsedS":306}
{"ts":"2026-09-22T07:36:56.211Z","msg":"progress","judged":0,"failed":5833,"elapsedS":306}
{"ts":"2026-09-22T07:36:56.212Z","msg":"progress","judged":0,"failed":5834,"elapsedS":306}
{"ts":"2026-09-22T07:36:56.269Z","msg":"progress","judged":0,"failed":5835,"elapsedS":306}
{"ts":"2026-09-22T07:36:56.377Z","msg":"progress","judged":0,"failed":5836,"elapsedS":306}
{"ts":"2026-09-22T07:36:56.402Z","msg":"progress","judged":0,"failed":5837,"elapsedS":306}
{"ts":"2026-09-22T07:36:56.409Z","msg":"progress","judged":0,"failed":5838,"elapsedS":306}
{"ts":"2026-09-22T07:36:56.483Z","msg":"progress","judged":0,"failed":5839,"elapsedS":306}
{"ts":"2026-09-22T07:36:56.580Z","msg":"progress","judged":0,"failed":5840,"elapsedS":307}
{"ts":"2026-09-22T07:36:56.611Z","msg":"progress","judged":0,"failed":5841,"elapsedS":307}
{"ts":"2026-09-22T07:36:56.619Z","msg":"progress","judged":0,"failed":5842,"elapsedS":307}
{"ts":"2026-09-22T07:36:56.690Z","msg":"progress","judged":0,"failed":5843,"elapsedS":307}
{"ts":"2026-09-22T07:36:56.775Z","msg":"progress","judged":0,"failed":5844,"elapsedS":307}
{"ts":"2026-09-22T07:36:56.808Z","msg":"progress","judged":0,"failed":5845,"elapsedS":307}
{"ts":"2026-09-22T07:36:56.826Z","msg":"progress","judged":0,"failed":5846,"elapsedS":307}
{"ts":"2026-09-22T07:36:56.894Z","msg":"progress","judged":0,"failed":5847,"elapsedS":307}
{"ts":"2026-09-22T07:36:56.978Z","msg":"progress","judged":0,"failed":5848,"elapsedS":307}
{"ts":"2026-09-22T07:36:57.025Z","msg":"progress","judged":0,"failed":5849,"elapsedS":307}
{"ts":"2026-09-22T07:36:57.029Z","msg":"progress","judged":0,"failed":5850,"elapsedS":307}
{"ts":"2026-09-22T07:36:57.088Z","msg":"progress","judged":0,"failed":5851,"elapsedS":307}
{"ts":"2026-09-22T07:36:57.188Z","msg":"progress","judged":0,"failed":5852,"elapsedS":307}
{"ts":"2026-09-22T07:36:57.221Z","msg":"progress","judged":0,"failed":5853,"elapsedS":307}
{"ts":"2026-09-22T07:36:57.231Z","msg":"progress","judged":0,"failed":5854,"elapsedS":307}
{"ts":"2026-09-22T07:36:57.299Z","msg":"progress","judged":0,"failed":5855,"elapsedS":307}
{"ts":"2026-09-22T07:36:57.385Z","msg":"progress","judged":0,"failed":5856,"elapsedS":307}
{"ts":"2026-09-22T07:36:57.414Z","msg":"progress","judged":0,"failed":5857,"elapsedS":307}
{"ts":"2026-09-22T07:36:57.428Z","msg":"progress","judged":0,"failed":5858,"elapsedS":307}
{"ts":"2026-09-22T07:36:57.501Z","msg":"progress","judged":0,"failed":5859,"elapsedS":307}
{"ts":"2026-09-22T07:36:57.580Z","msg":"progress","judged":0,"failed":5860,"elapsedS":308}
{"ts":"2026-09-22T07:36:57.623Z","msg":"progress","judged":0,"failed":5861,"elapsedS":308}
{"ts":"2026-09-22T07:36:57.639Z","msg":"progress","judged":0,"failed":5862,"elapsedS":308}
{"ts":"2026-09-22T07:36:57.725Z","msg":"progress","judged":0,"failed":5863,"elapsedS":308}
{"ts":"2026-09-22T07:36:57.786Z","msg":"progress","judged":0,"failed":5864,"elapsedS":308}
{"ts":"2026-09-22T07:36:57.829Z","msg":"progress","judged":0,"failed":5865,"elapsedS":308}
{"ts":"2026-09-22T07:36:57.847Z","msg":"progress","judged":0,"failed":5866,"elapsedS":308}
{"ts":"2026-09-22T07:36:57.927Z","msg":"progress","judged":0,"failed":5867,"elapsedS":308}
{"ts":"2026-09-22T07:36:57.989Z","msg":"progress","judged":0,"failed":5868,"elapsedS":308}
{"ts":"2026-09-22T07:36:58.045Z","msg":"progress","judged":0,"failed":5869,"elapsedS":308}
{"ts":"2026-09-22T07:36:58.054Z","msg":"progress","judged":0,"failed":5870,"elapsedS":308}
{"ts":"2026-09-22T07:36:58.144Z","msg":"progress","judged":0,"failed":5871,"elapsedS":308}
{"ts":"2026-09-22T07:36:58.192Z","msg":"progress","judged":0,"failed":5872,"elapsedS":308}
{"ts":"2026-09-22T07:36:58.248Z","msg":"progress","judged":0,"failed":5873,"elapsedS":308}
{"ts":"2026-09-22T07:36:58.271Z","msg":"progress","judged":0,"failed":5874,"elapsedS":308}
{"ts":"2026-09-22T07:36:58.349Z","msg":"progress","judged":0,"failed":5875,"elapsedS":308}
{"ts":"2026-09-22T07:36:58.410Z","msg":"progress","judged":0,"failed":5876,"elapsedS":308}
{"ts":"2026-09-22T07:36:58.469Z","msg":"progress","judged":0,"failed":5877,"elapsedS":308}
{"ts":"2026-09-22T07:36:58.480Z","msg":"progress","judged":0,"failed":5878,"elapsedS":308}
{"ts":"2026-09-22T07:36:58.552Z","msg":"progress","judged":0,"failed":5879,"elapsedS":309}
{"ts":"2026-09-22T07:36:58.608Z","msg":"progress","judged":0,"failed":5880,"elapsedS":309}
{"ts":"2026-09-22T07:36:58.675Z","msg":"progress","judged":0,"failed":5881,"elapsedS":309}
{"ts":"2026-09-22T07:36:58.727Z","msg":"progress","judged":0,"failed":5882,"elapsedS":309}
{"ts":"2026-09-22T07:36:58.753Z","msg":"progress","judged":0,"failed":5883,"elapsedS":309}
{"ts":"2026-09-22T07:36:58.802Z","msg":"progress","judged":0,"failed":5884,"elapsedS":309}
{"ts":"2026-09-22T07:36:58.877Z","msg":"progress","judged":0,"failed":5885,"elapsedS":309}
{"ts":"2026-09-22T07:36:58.943Z","msg":"progress","judged":0,"failed":5886,"elapsedS":309}
{"ts":"2026-09-22T07:36:58.950Z","msg":"progress","judged":0,"failed":5887,"elapsedS":309}
{"ts":"2026-09-22T07:36:58.997Z","msg":"progress","judged":0,"failed":5888,"elapsedS":309}
{"ts":"2026-09-22T07:36:59.085Z","msg":"progress","judged":0,"failed":5889,"elapsedS":309}
{"ts":"2026-09-22T07:36:59.146Z","msg":"progress","judged":0,"failed":5890,"elapsedS":309}
{"ts":"2026-09-22T07:36:59.152Z","msg":"progress","judged":0,"failed":5891,"elapsedS":309}
{"ts":"2026-09-22T07:36:59.223Z","msg":"progress","judged":0,"failed":5892,"elapsedS":309}
{"ts":"2026-09-22T07:36:59.292Z","msg":"progress","judged":0,"failed":5893,"elapsedS":309}
{"ts":"2026-09-22T07:36:59.339Z","msg":"progress","judged":0,"failed":5894,"elapsedS":309}
{"ts":"2026-09-22T07:36:59.365Z","msg":"progress","judged":0,"failed":5895,"elapsedS":309}
{"ts":"2026-09-22T07:36:59.416Z","msg":"progress","judged":0,"failed":5896,"elapsedS":309}
{"ts":"2026-09-22T07:36:59.499Z","msg":"progress","judged":0,"failed":5897,"elapsedS":309}
{"ts":"2026-09-22T07:36:59.581Z","msg":"progress","judged":0,"failed":5898,"elapsedS":310}
{"ts":"2026-09-22T07:36:59.600Z","msg":"progress","judged":0,"failed":5899,"elapsedS":310}
{"ts":"2026-09-22T07:36:59.618Z","msg":"progress","judged":0,"failed":5900,"elapsedS":310}
{"ts":"2026-09-22T07:36:59.716Z","msg":"progress","judged":0,"failed":5901,"elapsedS":310}
{"ts":"2026-09-22T07:36:59.778Z","msg":"progress","judged":0,"failed":5902,"elapsedS":310}
{"ts":"2026-09-22T07:36:59.813Z","msg":"progress","judged":0,"failed":5903,"elapsedS":310}
{"ts":"2026-09-22T07:36:59.825Z","msg":"progress","judged":0,"failed":5904,"elapsedS":310}
{"ts":"2026-09-22T07:36:59.932Z","msg":"progress","judged":0,"failed":5905,"elapsedS":310}
{"ts":"2026-09-22T07:36:59.989Z","msg":"progress","judged":0,"failed":5906,"elapsedS":310}
{"ts":"2026-09-22T07:37:00.013Z","msg":"progress","judged":0,"failed":5907,"elapsedS":310}
{"ts":"2026-09-22T07:37:00.028Z","msg":"progress","judged":0,"failed":5908,"elapsedS":310}
{"ts":"2026-09-22T07:37:00.145Z","msg":"progress","judged":0,"failed":5909,"elapsedS":310}
{"ts":"2026-09-22T07:37:00.199Z","msg":"progress","judged":0,"failed":5910,"elapsedS":310}
{"ts":"2026-09-22T07:37:00.240Z","msg":"progress","judged":0,"failed":5911,"elapsedS":310}
{"ts":"2026-09-22T07:37:00.247Z","msg":"progress","judged":0,"failed":5912,"elapsedS":310}
{"ts":"2026-09-22T07:37:00.352Z","msg":"progress","judged":0,"failed":5913,"elapsedS":310}
{"ts":"2026-09-22T07:37:00.405Z","msg":"progress","judged":0,"failed":5914,"elapsedS":310}
{"ts":"2026-09-22T07:37:00.449Z","msg":"progress","judged":0,"failed":5915,"elapsedS":310}
{"ts":"2026-09-22T07:37:00.454Z","msg":"progress","judged":0,"failed":5916,"elapsedS":310}
{"ts":"2026-09-22T07:37:00.561Z","msg":"progress","judged":0,"failed":5917,"elapsedS":311}
{"ts":"2026-09-22T07:37:00.605Z","msg":"progress","judged":0,"failed":5918,"elapsedS":311}
{"ts":"2026-09-22T07:37:00.644Z","msg":"progress","judged":0,"failed":5919,"elapsedS":311}
{"ts":"2026-09-22T07:37:00.695Z","msg":"progress","judged":0,"failed":5920,"elapsedS":311}
{"ts":"2026-09-22T07:37:00.776Z","msg":"progress","judged":0,"failed":5921,"elapsedS":311}
{"ts":"2026-09-22T07:37:00.809Z","msg":"progress","judged":0,"failed":5922,"elapsedS":311}
{"ts":"2026-09-22T07:37:00.844Z","msg":"progress","judged":0,"failed":5923,"elapsedS":311}
{"ts":"2026-09-22T07:37:00.893Z","msg":"progress","judged":0,"failed":5924,"elapsedS":311}
{"ts":"2026-09-22T07:37:01.024Z","msg":"progress","judged":0,"failed":5925,"elapsedS":311}
{"ts":"2026-09-22T07:37:01.046Z","msg":"progress","judged":0,"failed":5926,"elapsedS":311}
{"ts":"2026-09-22T07:37:01.098Z","msg":"progress","judged":0,"failed":5927,"elapsedS":311}
{"ts":"2026-09-22T07:37:01.101Z","msg":"progress","judged":0,"failed":5928,"elapsedS":311}
{"ts":"2026-09-22T07:37:01.231Z","msg":"progress","judged":0,"failed":5929,"elapsedS":311}
{"ts":"2026-09-22T07:37:01.270Z","msg":"progress","judged":0,"failed":5930,"elapsedS":311}
{"ts":"2026-09-22T07:37:01.293Z","msg":"progress","judged":0,"failed":5931,"elapsedS":311}
{"ts":"2026-09-22T07:37:01.325Z","msg":"progress","judged":0,"failed":5932,"elapsedS":311}
{"ts":"2026-09-22T07:37:01.431Z","msg":"progress","judged":0,"failed":5933,"elapsedS":311}
{"ts":"2026-09-22T07:37:01.480Z","msg":"progress","judged":0,"failed":5934,"elapsedS":311}
{"ts":"2026-09-22T07:37:01.508Z","msg":"progress","judged":0,"failed":5935,"elapsedS":311}
{"ts":"2026-09-22T07:37:01.540Z","msg":"progress","judged":0,"failed":5936,"elapsedS":312}
{"ts":"2026-09-22T07:37:01.647Z","msg":"progress","judged":0,"failed":5937,"elapsedS":312}
{"ts":"2026-09-22T07:37:01.695Z","msg":"progress","judged":0,"failed":5938,"elapsedS":312}
{"ts":"2026-09-22T07:37:01.717Z","msg":"progress","judged":0,"failed":5939,"elapsedS":312}
{"ts":"2026-09-22T07:37:01.747Z","msg":"progress","judged":0,"failed":5940,"elapsedS":312}
{"ts":"2026-09-22T07:37:01.845Z","msg":"progress","judged":0,"failed":5941,"elapsedS":312}
{"ts":"2026-09-22T07:37:01.911Z","msg":"progress","judged":0,"failed":5942,"elapsedS":312}
{"ts":"2026-09-22T07:37:01.915Z","msg":"progress","judged":0,"failed":5943,"elapsedS":312}
{"ts":"2026-09-22T07:37:01.955Z","msg":"progress","judged":0,"failed":5944,"elapsedS":312}
{"ts":"2026-09-22T07:37:02.059Z","msg":"progress","judged":0,"failed":5945,"elapsedS":312}
{"ts":"2026-09-22T07:37:02.104Z","msg":"progress","judged":0,"failed":5946,"elapsedS":312}
{"ts":"2026-09-22T07:37:02.118Z","msg":"progress","judged":0,"failed":5947,"elapsedS":312}
{"ts":"2026-09-22T07:37:02.146Z","msg":"progress","judged":0,"failed":5948,"elapsedS":312}
{"ts":"2026-09-22T07:37:02.269Z","msg":"progress","judged":0,"failed":5949,"elapsedS":312}
{"ts":"2026-09-22T07:37:02.306Z","msg":"progress","judged":0,"failed":5950,"elapsedS":312}
{"ts":"2026-09-22T07:37:02.341Z","msg":"progress","judged":0,"failed":5951,"elapsedS":312}
{"ts":"2026-09-22T07:37:02.342Z","msg":"progress","judged":0,"failed":5952,"elapsedS":312}
{"ts":"2026-09-22T07:37:02.457Z","msg":"progress","judged":0,"failed":5953,"elapsedS":312}
{"ts":"2026-09-22T07:37:02.525Z","msg":"progress","judged":0,"failed":5954,"elapsedS":312}
{"ts":"2026-09-22T07:37:02.542Z","msg":"progress","judged":0,"failed":5955,"elapsedS":313}
{"ts":"2026-09-22T07:37:02.573Z","msg":"progress","judged":0,"failed":5956,"elapsedS":313}
{"ts":"2026-09-22T07:37:02.648Z","msg":"progress","judged":0,"failed":5957,"elapsedS":313}
{"ts":"2026-09-22T07:37:02.733Z","msg":"progress","judged":0,"failed":5958,"elapsedS":313}
{"ts":"2026-09-22T07:37:02.743Z","msg":"progress","judged":0,"failed":5959,"elapsedS":313}
{"ts":"2026-09-22T07:37:02.775Z","msg":"progress","judged":0,"failed":5960,"elapsedS":313}
{"ts":"2026-09-22T07:37:02.855Z","msg":"progress","judged":0,"failed":5961,"elapsedS":313}
{"ts":"2026-09-22T07:37:02.935Z","msg":"progress","judged":0,"failed":5962,"elapsedS":313}
{"ts":"2026-09-22T07:37:02.949Z","msg":"progress","judged":0,"failed":5963,"elapsedS":313}
{"ts":"2026-09-22T07:37:02.989Z","msg":"progress","judged":0,"failed":5964,"elapsedS":313}
{"ts":"2026-09-22T07:37:03.075Z","msg":"progress","judged":0,"failed":5965,"elapsedS":313}
{"ts":"2026-09-22T07:37:03.138Z","msg":"progress","judged":0,"failed":5966,"elapsedS":313}
{"ts":"2026-09-22T07:37:03.149Z","msg":"progress","judged":0,"failed":5967,"elapsedS":313}
{"ts":"2026-09-22T07:37:03.210Z","msg":"progress","judged":0,"failed":5968,"elapsedS":313}
{"ts":"2026-09-22T07:37:03.277Z","msg":"progress","judged":0,"failed":5969,"elapsedS":313}
{"ts":"2026-09-22T07:37:03.332Z","msg":"progress","judged":0,"failed":5970,"elapsedS":313}
{"ts":"2026-09-22T07:37:03.353Z","msg":"progress","judged":0,"failed":5971,"elapsedS":313}
{"ts":"2026-09-22T07:37:03.436Z","msg":"progress","judged":0,"failed":5972,"elapsedS":313}
{"ts":"2026-09-22T07:37:03.475Z","msg":"progress","judged":0,"failed":5973,"elapsedS":313}
{"ts":"2026-09-22T07:37:03.549Z","msg":"progress","judged":0,"failed":5974,"elapsedS":314}
{"ts":"2026-09-22T07:37:03.552Z","msg":"progress","judged":0,"failed":5975,"elapsedS":314}
{"ts":"2026-09-22T07:37:03.628Z","msg":"progress","judged":0,"failed":5976,"elapsedS":314}
{"ts":"2026-09-22T07:37:03.697Z","msg":"progress","judged":0,"failed":5977,"elapsedS":314}
{"ts":"2026-09-22T07:37:03.754Z","msg":"progress","judged":0,"failed":5978,"elapsedS":314}
{"ts":"2026-09-22T07:37:03.755Z","msg":"progress","judged":0,"failed":5979,"elapsedS":314}
{"ts":"2026-09-22T07:37:03.849Z","msg":"progress","judged":0,"failed":5980,"elapsedS":314}
{"ts":"2026-09-22T07:37:03.925Z","msg":"progress","judged":0,"failed":5981,"elapsedS":314}
{"ts":"2026-09-22T07:37:03.947Z","msg":"progress","judged":0,"failed":5982,"elapsedS":314}
{"ts":"2026-09-22T07:37:03.976Z","msg":"progress","judged":0,"failed":5983,"elapsedS":314}
{"ts":"2026-09-22T07:37:04.059Z","msg":"progress","judged":0,"failed":5984,"elapsedS":314}
{"ts":"2026-09-22T07:37:04.128Z","msg":"progress","judged":0,"failed":5985,"elapsedS":314}
{"ts":"2026-09-22T07:37:04.145Z","msg":"progress","judged":0,"failed":5986,"elapsedS":314}
{"ts":"2026-09-22T07:37:04.181Z","msg":"progress","judged":0,"failed":5987,"elapsedS":314}
{"ts":"2026-09-22T07:37:04.258Z","msg":"progress","judged":0,"failed":5988,"elapsedS":314}
{"ts":"2026-09-22T07:37:04.341Z","msg":"progress","judged":0,"failed":5989,"elapsedS":314}
{"ts":"2026-09-22T07:37:04.382Z","msg":"progress","judged":0,"failed":5990,"elapsedS":314}
{"ts":"2026-09-22T07:37:04.383Z","msg":"progress","judged":0,"failed":5991,"elapsedS":314}
{"ts":"2026-09-22T07:37:04.463Z","msg":"progress","judged":0,"failed":5992,"elapsedS":314}
{"ts":"2026-09-22T07:37:04.569Z","msg":"progress","judged":0,"failed":5993,"elapsedS":315}
{"ts":"2026-09-22T07:37:04.582Z","msg":"progress","judged":0,"failed":5994,"elapsedS":315}
{"ts":"2026-09-22T07:37:04.590Z","msg":"progress","judged":0,"failed":5995,"elapsedS":315}
{"ts":"2026-09-22T07:37:04.671Z","msg":"progress","judged":0,"failed":5996,"elapsedS":315}
{"ts":"2026-09-22T07:37:04.782Z","msg":"progress","judged":0,"failed":5997,"elapsedS":315}
{"ts":"2026-09-22T07:37:04.785Z","msg":"progress","judged":0,"failed":5998,"elapsedS":315}
{"ts":"2026-09-22T07:37:04.805Z","msg":"progress","judged":0,"failed":5999,"elapsedS":315}
{"ts":"2026-09-22T07:37:04.917Z","msg":"progress","judged":0,"failed":6000,"elapsedS":315}
{"ts":"2026-09-22T07:37:04.924Z","msg":"done","judged":0,"failed":6000,"executable":0,"tookS":315}
Consistency scan 2026-09-22T07:37:04.923Z
markets 20000, candidate pairs 6000, judged 0
relations: A_IMPLIES_B 0, B_IMPLIES_A 0, EQUIVALENT 0, EXCLUSIVE 0, UNRELATED 0, UNSURE 0
constrained pairs 0, broken at mid (> 0.5 cent) 0, executable after spreads (> 0.5 cent) 0

fees:
  btc-updown-5m markets seen: 289, feesEnabled: true
  all markets with feesEnabled=true: 19278 of 20000

EXECUTABLE after spreads:
  none

BROKEN at mid (top by executable):
  none

